19:32:57 **** Incremental Build of configuration Debug for project 13_Idle_Task ****
make -j22 all 
arm-none-eabi-gcc "../Core/Src/main.c" -mcpu=cortex-m0plus -std=gnu11 -g3 -DDEBUG '-DCMSIS_device_header=<stm32g0xx.h>' -DUSE_HAL_DRIVER -DSTM32G071xx -c -I../Core/Inc -I../Drivers/STM32G0xx_HAL_Driver/Inc -I../Drivers/STM32G0xx_HAL_Driver/Inc/Legacy -I../Middlewares/Third_Party/FreeRTOS/Source/include -I../Middlewares/Third_Party/FreeRTOS/Source/CMSIS_RTOS_V2 -I../Middlewares/Third_Party/FreeRTOS/Source/portable/GCC/ARM_CM0 -I../Drivers/CMSIS/Device/ST/STM32G0xx/Include -I../Drivers/CMSIS/Include -O0 -ffunction-sections -fdata-sections -Wall -fstack-usage -fcyclomatic-complexity -MMD -MP -MF"Core/Src/main.d" -MT"Core/Src/main.o" --specs=nano.specs -mfloat-abi=soft -mthumb -o "Core/Src/main.o"
arm-none-eabi-gcc -o "13_Idle_Task.elf" @"objects.list"   -mcpu=cortex-m0plus -T"D:\Workspace\FreeRTOS\13_Idle_Task\STM32G071R8TX_FLASH.ld" --specs=nosys.specs -Wl,-Map="13_Idle_Task.map" -Wl,--gc-sections -static --specs=nano.specs -mfloat-abi=soft -mthumb -Wl,--start-group -lc -lm -Wl,--end-group
Finished building target: 13_Idle_Task.elf
 
arm-none-eabi-size  13_Idle_Task.elf 
arm-none-eabi-objdump -h -S 13_Idle_Task.elf  > "13_Idle_Task.list"
   text	   data	    bss	    dec	    hex	filename
  22016	     96	   8752	  30864	   7890	13_Idle_Task.elf
Finished building: default.size.stdout
 
Finished building: 13_Idle_Task.list
 

19:32:57 Build Finished. 0 errors, 0 warnings. (took 790ms)

