13:20:51 **** Build of configuration Debug for project 2_CreateTasksFromOther ****
make -j22 all 
arm-none-eabi-gcc "../Core/Src/main.c" -mcpu=cortex-m0plus -std=gnu11 -g3 -DDEBUG '-DCMSIS_device_header=<stm32g0xx.h>' -DUSE_HAL_DRIVER -DSTM32G071xx -c -I../Core/Inc -I../Drivers/STM32G0xx_HAL_Driver/Inc -I../Drivers/STM32G0xx_HAL_Driver/Inc/Legacy -I../Middlewares/Third_Party/FreeRTOS/Source/include -I../Middlewares/Third_Party/FreeRTOS/Source/CMSIS_RTOS_V2 -I../Middlewares/Third_Party/FreeRTOS/Source/portable/GCC/ARM_CM0 -I../Drivers/CMSIS/Device/ST/STM32G0xx/Include -I../Drivers/CMSIS/Include -O0 -ffunction-sections -fdata-sections -Wall -fstack-usage -fcyclomatic-complexity -MMD -MP -MF"Core/Src/main.d" -MT"Core/Src/main.o" --specs=nano.specs -mfloat-abi=soft -mthumb -o "Core/Src/main.o"
arm-none-eabi-gcc -o "2_CreateTasksFromOther.elf" @"objects.list"   -mcpu=cortex-m0plus -T"D:\Workspace\FreeRTOS\2_CreateTasksFromOther\STM32G071R8TX_FLASH.ld" --specs=nosys.specs -Wl,-Map="2_CreateTasksFromOther.map" -Wl,--gc-sections -static --specs=nano.specs -mfloat-abi=soft -mthumb -Wl,--start-group -lc -lm -Wl,--end-group
Finished building target: 2_CreateTasksFromOther.elf
 
arm-none-eabi-size  2_CreateTasksFromOther.elf 
arm-none-eabi-objdump -h -S 2_CreateTasksFromOther.elf  > "2_CreateTasksFromOther.list"
   text	   data	    bss	    dec	    hex	filename
  21872	     96	   8744	  30712	   77f8	2_CreateTasksFromOther.elf
Finished building: default.size.stdout
 
Finished building: 2_CreateTasksFromOther.list
 

13:20:51 Build Finished. 0 errors, 0 warnings. (took 748ms)

